viewport 390x844
requests observed: 2
GET file:///home/user/MOB/proto/field-a/index.html
GET file:///home/user/MOB/engine.js

not a local file read: 0

page errors: 0


gate:
gate, 18 pass 0 fail, at 390 by 844
pass  today drew ink, 64098 lit pixels of 119260
pass  band drew ink, 77273 lit pixels of 119260
pass  mark drew ink, 68760 lit pixels of 119260
pass  axis drew ink, 70822 lit pixels of 119260
pass  spine drew ink, 65187 lit pixels of 119260
pass  band beats today on at least one axis
pass  mark beats today on at least one axis
pass  axis beats today on at least one axis
pass  spine beats today on at least one axis
pass  the band name holds 4.5 to 1 over the band, got 7.05
pass  every axis label fits its own seat arc, 0 past it
pass  nothing in the chrome under 11 px, 0 found
pass  no em dash in the rendered text
pass  no all caps run in the copy
pass  every figure label is one word with no comma
pass  no figure printed with an interval or a tolerance
pass  the reading is the engine’s, 108 addresses, coherence 7.6 on Ana
pass  the page references the engine and nothing else
