walk.js  commit 73702c4  restructure.html md5 0f3204ad03acc963596a04ecc7c0713f  shipped build inside it fe433d8 2026-09-27 02:27
{"W":1600,"who":"blank","mode":"old","surface":"Field","controls":95,"reg":{"top":16,"left":51,"stage":21,"right":7},"words":171,"wholeControls":121,"wholeWords":283,"pageH":1000}
{"W":1600,"who":"blank","mode":"old","surface":"Story","controls":90,"reg":{"top":16,"left":50,"stage":18,"right":6},"words":239,"wholeControls":110,"wholeWords":347,"pageH":1000}
{"W":1600,"who":"blank","mode":"old","surface":"Summary","controls":81,"reg":{"top":16,"left":50,"stage":4,"right":11},"words":292,"wholeControls":92,"wholeWords":557,"pageH":1000}
{"W":1600,"who":"blank","mode":"old","surface":"Energetics","controls":86,"reg":{"top":16,"left":50,"stage":14,"right":6},"words":474,"wholeControls":127,"wholeWords":734,"pageH":1000}
{"W":1600,"who":"blank","mode":"new","surface":"Field","controls":40,"reg":{"top":15,"left":3,"stage":21,"right":1},"words":114,"wholeControls":40,"wholeWords":114,"pageH":1000}
{"W":1600,"who":"blank","mode":"new","surface":"Summary: Narrative","controls":37,"reg":{"top":15,"left":0,"stage":10,"right":12},"words":252,"wholeControls":43,"wholeWords":322,"pageH":1000}
{"W":1600,"who":"blank","mode":"new","surface":"Summary: Energetics","controls":81,"reg":{"top":15,"left":0,"stage":54,"right":12},"words":117,"wholeControls":93,"wholeWords":357,"pageH":1000}
{"W":1600,"who":"blank","mode":"new","surface":"Summary: Psyche","controls":48,"reg":{"top":15,"left":0,"stage":21,"right":12},"words":123,"wholeControls":132,"wholeWords":411,"pageH":1000}
{"W":1600,"who":"blank","mode":"new","surface":"Summary: Masks","controls":37,"reg":{"top":15,"left":0,"stage":10,"right":12},"words":258,"wholeControls":43,"wholeWords":328,"pageH":1000}
{"W":1600,"who":"blank","mode":"new","surface":"Summary: Saboteurs","controls":38,"reg":{"top":15,"left":0,"stage":11,"right":12},"words":228,"wholeControls":44,"wholeWords":328,"pageH":1000}
{"W":1600,"who":"blank","mode":"new","surface":"Summary: Analytics","controls":37,"reg":{"top":15,"left":0,"stage":10,"right":12},"words":252,"wholeControls":43,"wholeWords":536,"pageH":1000}
{"W":1600,"who":"blank","mode":"new","surface":"Avatar","controls":34,"reg":{"top":15,"left":0,"stage":7,"right":12},"words":197,"wholeControls":50,"wholeWords":317,"pageH":1000}
{"W":1600,"who":"blank","mode":"new","surface":"Avatar: Intake","controls":43,"reg":{"top":15,"left":0,"stage":16,"right":12},"words":436,"wholeControls":74,"wholeWords":696,"pageH":1000}
{"W":1600,"who":"James","mode":"old","surface":"Field","controls":99,"reg":{"top":16,"left":51,"stage":21,"right":11},"words":108,"wholeControls":117,"wholeWords":198,"pageH":1000}
{"W":1600,"who":"James","mode":"old","surface":"Story","controls":113,"reg":{"top":16,"left":50,"stage":37,"right":10},"words":235,"wholeControls":150,"wholeWords":390,"pageH":1000}
{"W":1600,"who":"James","mode":"old","surface":"Summary","controls":88,"reg":{"top":16,"left":50,"stage":12,"right":10},"words":341,"wholeControls":130,"wholeWords":1225,"pageH":1000}
{"W":1600,"who":"James","mode":"old","surface":"Energetics","controls":90,"reg":{"top":16,"left":50,"stage":14,"right":10},"words":409,"wholeControls":123,"wholeWords":792,"pageH":1000}
{"W":1600,"who":"James","mode":"new","surface":"Field","controls":46,"reg":{"top":15,"left":2,"stage":21,"right":8},"words":128,"wholeControls":46,"wholeWords":129,"pageH":1000}
{"W":1600,"who":"James","mode":"new","surface":"Summary: Narrative","controls":33,"reg":{"top":15,"left":0,"stage":6,"right":12},"words":290,"wholeControls":45,"wholeWords":590,"pageH":1000}
{"W":1600,"who":"James","mode":"new","surface":"Summary: Energetics","controls":81,"reg":{"top":15,"left":0,"stage":54,"right":12},"words":129,"wholeControls":107,"wholeWords":489,"pageH":1000}
{"W":1600,"who":"James","mode":"new","surface":"Summary: Psyche","controls":48,"reg":{"top":15,"left":0,"stage":21,"right":12},"words":139,"wholeControls":128,"wholeWords":314,"pageH":1000}
{"W":1600,"who":"James","mode":"new","surface":"Summary: Masks","controls":39,"reg":{"top":15,"left":0,"stage":12,"right":12},"words":154,"wholeControls":45,"wholeWords":225,"pageH":1000}
{"W":1600,"who":"James","mode":"new","surface":"Summary: Saboteurs","controls":34,"reg":{"top":15,"left":0,"stage":7,"right":12},"words":124,"wholeControls":40,"wholeWords":195,"pageH":1000}
{"W":1600,"who":"James","mode":"new","surface":"Summary: Analytics","controls":45,"reg":{"top":15,"left":0,"stage":18,"right":12},"words":198,"wholeControls":51,"wholeWords":438,"pageH":1000}
{"W":1600,"who":"James","mode":"new","surface":"Avatar","controls":37,"reg":{"top":15,"left":0,"stage":10,"right":12},"words":150,"wholeControls":53,"wholeWords":272,"pageH":1000}
{"W":1600,"who":"James","mode":"new","surface":"Avatar: Intake","controls":43,"reg":{"top":15,"left":0,"stage":16,"right":12},"words":383,"wholeControls":70,"wholeWords":750,"pageH":1000}
{"W":1600,"who":"Angela","mode":"old","surface":"Field","controls":99,"reg":{"top":16,"left":51,"stage":21,"right":11},"words":102,"wholeControls":117,"wholeWords":194,"pageH":1000}
{"W":1600,"who":"Angela","mode":"old","surface":"Story","controls":111,"reg":{"top":16,"left":50,"stage":35,"right":10},"words":208,"wholeControls":136,"wholeWords":333,"pageH":1000}
{"W":1600,"who":"Angela","mode":"old","surface":"Summary","controls":88,"reg":{"top":16,"left":50,"stage":12,"right":10},"words":342,"wholeControls":126,"wholeWords":1160,"pageH":1000}
{"W":1600,"who":"Angela","mode":"old","surface":"Energetics","controls":90,"reg":{"top":16,"left":50,"stage":14,"right":10},"words":405,"wholeControls":123,"wholeWords":782,"pageH":1000}
{"W":1600,"who":"Angela","mode":"new","surface":"Field","controls":46,"reg":{"top":15,"left":2,"stage":21,"right":8},"words":137,"wholeControls":46,"wholeWords":138,"pageH":1000}
{"W":1600,"who":"Angela","mode":"new","surface":"Summary: Narrative","controls":33,"reg":{"top":15,"left":0,"stage":6,"right":12},"words":278,"wholeControls":41,"wholeWords":524,"pageH":1000}
{"W":1600,"who":"Angela","mode":"new","surface":"Summary: Energetics","controls":81,"reg":{"top":15,"left":0,"stage":54,"right":12},"words":118,"wholeControls":107,"wholeWords":483,"pageH":1000}
{"W":1600,"who":"Angela","mode":"new","surface":"Summary: Psyche","controls":48,"reg":{"top":15,"left":0,"stage":21,"right":12},"words":128,"wholeControls":128,"wholeWords":313,"pageH":1000}
{"W":1600,"who":"Angela","mode":"new","surface":"Summary: Masks","controls":39,"reg":{"top":15,"left":0,"stage":12,"right":12},"words":143,"wholeControls":45,"wholeWords":221,"pageH":1000}
{"W":1600,"who":"Angela","mode":"new","surface":"Summary: Saboteurs","controls":34,"reg":{"top":15,"left":0,"stage":7,"right":12},"words":132,"wholeControls":40,"wholeWords":210,"pageH":1000}
{"W":1600,"who":"Angela","mode":"new","surface":"Summary: Analytics","controls":45,"reg":{"top":15,"left":0,"stage":18,"right":12},"words":187,"wholeControls":51,"wholeWords":437,"pageH":1000}
{"W":1600,"who":"Angela","mode":"new","surface":"Avatar","controls":35,"reg":{"top":15,"left":0,"stage":8,"right":12},"words":143,"wholeControls":51,"wholeWords":295,"pageH":1000}
{"W":1600,"who":"Angela","mode":"new","surface":"Avatar: Intake","controls":43,"reg":{"top":15,"left":0,"stage":16,"right":12},"words":372,"wholeControls":70,"wholeWords":740,"pageH":1000}
{"W":1600,"who":"Derek","mode":"old","surface":"Field","controls":99,"reg":{"top":16,"left":51,"stage":21,"right":11},"words":105,"wholeControls":117,"wholeWords":195,"pageH":1000}
{"W":1600,"who":"Derek","mode":"old","surface":"Story","controls":117,"reg":{"top":16,"left":50,"stage":41,"right":10},"words":239,"wholeControls":164,"wholeWords":406,"pageH":1000}
{"W":1600,"who":"Derek","mode":"old","surface":"Summary","controls":88,"reg":{"top":16,"left":50,"stage":12,"right":10},"words":336,"wholeControls":130,"wholeWords":1224,"pageH":1000}
{"W":1600,"who":"Derek","mode":"old","surface":"Energetics","controls":90,"reg":{"top":16,"left":50,"stage":14,"right":10},"words":406,"wholeControls":123,"wholeWords":783,"pageH":1000}
{"W":1600,"who":"Derek","mode":"new","surface":"Field","controls":46,"reg":{"top":15,"left":2,"stage":21,"right":8},"words":135,"wholeControls":46,"wholeWords":136,"pageH":1000}
{"W":1600,"who":"Derek","mode":"new","surface":"Summary: Narrative","controls":33,"reg":{"top":15,"left":0,"stage":6,"right":12},"words":283,"wholeControls":45,"wholeWords":584,"pageH":1000}
{"W":1600,"who":"Derek","mode":"new","surface":"Summary: Energetics","controls":81,"reg":{"top":15,"left":0,"stage":54,"right":12},"words":126,"wholeControls":107,"wholeWords":491,"pageH":1000}
{"W":1600,"who":"Derek","mode":"new","surface":"Summary: Psyche","controls":48,"reg":{"top":15,"left":0,"stage":21,"right":12},"words":136,"wholeControls":128,"wholeWords":319,"pageH":1000}
{"W":1600,"who":"Derek","mode":"new","surface":"Summary: Masks","controls":39,"reg":{"top":15,"left":0,"stage":12,"right":12},"words":151,"wholeControls":45,"wholeWords":222,"pageH":1000}
{"W":1600,"who":"Derek","mode":"new","surface":"Summary: Saboteurs","controls":34,"reg":{"top":15,"left":0,"stage":7,"right":12},"words":121,"wholeControls":40,"wholeWords":192,"pageH":1000}
{"W":1600,"who":"Derek","mode":"new","surface":"Summary: Analytics","controls":45,"reg":{"top":15,"left":0,"stage":18,"right":12},"words":194,"wholeControls":51,"wholeWords":435,"pageH":1000}
{"W":1600,"who":"Derek","mode":"new","surface":"Avatar","controls":35,"reg":{"top":15,"left":0,"stage":8,"right":12},"words":144,"wholeControls":51,"wholeWords":289,"pageH":1000}
{"W":1600,"who":"Derek","mode":"new","surface":"Avatar: Intake","controls":43,"reg":{"top":15,"left":0,"stage":16,"right":12},"words":380,"wholeControls":70,"wholeWords":741,"pageH":1000}
{"W":1600,"who":"Sofia","mode":"old","surface":"Field","controls":99,"reg":{"top":16,"left":51,"stage":21,"right":11},"words":104,"wholeControls":117,"wholeWords":196,"pageH":1000}
{"W":1600,"who":"Sofia","mode":"old","surface":"Story","controls":115,"reg":{"top":16,"left":50,"stage":39,"right":10},"words":200,"wholeControls":153,"wholeWords":359,"pageH":1000}
{"W":1600,"who":"Sofia","mode":"old","surface":"Summary","controls":88,"reg":{"top":16,"left":50,"stage":12,"right":10},"words":343,"wholeControls":126,"wholeWords":1169,"pageH":1000}
{"W":1600,"who":"Sofia","mode":"old","surface":"Energetics","controls":90,"reg":{"top":16,"left":50,"stage":14,"right":10},"words":407,"wholeControls":123,"wholeWords":736,"pageH":1000}
{"W":1600,"who":"Sofia","mode":"new","surface":"Field","controls":46,"reg":{"top":15,"left":2,"stage":21,"right":8},"words":147,"wholeControls":46,"wholeWords":148,"pageH":1000}
{"W":1600,"who":"Sofia","mode":"new","surface":"Summary: Narrative","controls":33,"reg":{"top":15,"left":0,"stage":6,"right":12},"words":282,"wholeControls":41,"wholeWords":526,"pageH":1000}
{"W":1600,"who":"Sofia","mode":"new","surface":"Summary: Energetics","controls":81,"reg":{"top":15,"left":0,"stage":54,"right":12},"words":121,"wholeControls":107,"wholeWords":489,"pageH":1000}
{"W":1600,"who":"Sofia","mode":"new","surface":"Summary: Psyche","controls":48,"reg":{"top":15,"left":0,"stage":21,"right":12},"words":131,"wholeControls":128,"wholeWords":342,"pageH":1000}
{"W":1600,"who":"Sofia","mode":"new","surface":"Summary: Masks","controls":39,"reg":{"top":15,"left":0,"stage":12,"right":12},"words":146,"wholeControls":45,"wholeWords":223,"pageH":1000}
{"W":1600,"who":"Sofia","mode":"new","surface":"Summary: Saboteurs","controls":34,"reg":{"top":15,"left":0,"stage":7,"right":12},"words":131,"wholeControls":40,"wholeWords":208,"pageH":1000}
{"W":1600,"who":"Sofia","mode":"new","surface":"Summary: Analytics","controls":45,"reg":{"top":15,"left":0,"stage":18,"right":12},"words":193,"wholeControls":51,"wholeWords":442,"pageH":1000}
{"W":1600,"who":"Sofia","mode":"new","surface":"Avatar","controls":36,"reg":{"top":15,"left":0,"stage":9,"right":12},"words":144,"wholeControls":52,"wholeWords":276,"pageH":1000}
{"W":1600,"who":"Sofia","mode":"new","surface":"Avatar: Intake","controls":43,"reg":{"top":15,"left":0,"stage":16,"right":12},"words":375,"wholeControls":70,"wholeWords":694,"pageH":1000}
{"W":1600,"who":"Diane","mode":"old","surface":"Field","controls":99,"reg":{"top":16,"left":51,"stage":21,"right":11},"words":98,"wholeControls":117,"wholeWords":188,"pageH":1000}
{"W":1600,"who":"Diane","mode":"old","surface":"Story","controls":113,"reg":{"top":16,"left":50,"stage":36,"right":11},"words":223,"wholeControls":142,"wholeWords":361,"pageH":1000}
{"W":1600,"who":"Diane","mode":"old","surface":"Summary","controls":89,"reg":{"top":16,"left":50,"stage":12,"right":11},"words":325,"wholeControls":130,"wholeWords":1231,"pageH":1000}
{"W":1600,"who":"Diane","mode":"old","surface":"Energetics","controls":91,"reg":{"top":16,"left":50,"stage":14,"right":11},"words":399,"wholeControls":123,"wholeWords":776,"pageH":1000}
{"W":1600,"who":"Diane","mode":"new","surface":"Field","controls":46,"reg":{"top":15,"left":2,"stage":21,"right":8},"words":128,"wholeControls":46,"wholeWords":129,"pageH":1000}
{"W":1600,"who":"Diane","mode":"new","surface":"Summary: Narrative","controls":33,"reg":{"top":15,"left":0,"stage":6,"right":12},"words":275,"wholeControls":45,"wholeWords":575,"pageH":1000}
{"W":1600,"who":"Diane","mode":"new","surface":"Summary: Energetics","controls":81,"reg":{"top":15,"left":0,"stage":54,"right":12},"words":119,"wholeControls":107,"wholeWords":500,"pageH":1000}
{"W":1600,"who":"Diane","mode":"new","surface":"Summary: Psyche","controls":48,"reg":{"top":15,"left":0,"stage":21,"right":12},"words":129,"wholeControls":128,"wholeWords":312,"pageH":1000}
{"W":1600,"who":"Diane","mode":"new","surface":"Summary: Masks","controls":39,"reg":{"top":15,"left":0,"stage":12,"right":12},"words":144,"wholeControls":45,"wholeWords":215,"pageH":1000}
{"W":1600,"who":"Diane","mode":"new","surface":"Summary: Saboteurs","controls":34,"reg":{"top":15,"left":0,"stage":7,"right":12},"words":116,"wholeControls":40,"wholeWords":187,"pageH":1000}
{"W":1600,"who":"Diane","mode":"new","surface":"Summary: Analytics","controls":45,"reg":{"top":15,"left":0,"stage":18,"right":12},"words":188,"wholeControls":51,"wholeWords":428,"pageH":1000}
{"W":1600,"who":"Diane","mode":"new","surface":"Avatar","controls":36,"reg":{"top":15,"left":0,"stage":9,"right":12},"words":127,"wholeControls":52,"wholeWords":251,"pageH":1000}
{"W":1600,"who":"Diane","mode":"new","surface":"Avatar: Intake","controls":43,"reg":{"top":15,"left":0,"stage":16,"right":12},"words":373,"wholeControls":70,"wholeWords":734,"pageH":1000}
{"W":1600,"who":"Marcus","mode":"old","surface":"Field","controls":99,"reg":{"top":16,"left":51,"stage":21,"right":11},"words":98,"wholeControls":117,"wholeWords":188,"pageH":1000}
{"W":1600,"who":"Marcus","mode":"old","surface":"Story","controls":106,"reg":{"top":16,"left":50,"stage":30,"right":10},"words":219,"wholeControls":118,"wholeWords":306,"pageH":1000}
{"W":1600,"who":"Marcus","mode":"old","surface":"Summary","controls":88,"reg":{"top":16,"left":50,"stage":12,"right":10},"words":324,"wholeControls":128,"wholeWords":1196,"pageH":1000}
{"W":1600,"who":"Marcus","mode":"old","surface":"Energetics","controls":90,"reg":{"top":16,"left":50,"stage":14,"right":10},"words":399,"wholeControls":123,"wholeWords":776,"pageH":1000}
{"W":1600,"who":"Marcus","mode":"new","surface":"Field","controls":46,"reg":{"top":15,"left":2,"stage":21,"right":8},"words":137,"wholeControls":46,"wholeWords":138,"pageH":1000}
{"W":1600,"who":"Marcus","mode":"new","surface":"Summary: Narrative","controls":33,"reg":{"top":15,"left":0,"stage":6,"right":12},"words":272,"wholeControls":43,"wholeWords":557,"pageH":1000}
{"W":1600,"who":"Marcus","mode":"new","surface":"Summary: Energetics","controls":81,"reg":{"top":15,"left":0,"stage":54,"right":12},"words":119,"wholeControls":107,"wholeWords":482,"pageH":1000}
{"W":1600,"who":"Marcus","mode":"new","surface":"Summary: Psyche","controls":48,"reg":{"top":15,"left":0,"stage":21,"right":12},"words":129,"wholeControls":128,"wholeWords":288,"pageH":1000}
{"W":1600,"who":"Marcus","mode":"new","surface":"Summary: Masks","controls":39,"reg":{"top":15,"left":0,"stage":12,"right":12},"words":144,"wholeControls":45,"wholeWords":215,"pageH":1000}
{"W":1600,"who":"Marcus","mode":"new","surface":"Summary: Saboteurs","controls":34,"reg":{"top":15,"left":0,"stage":7,"right":12},"words":117,"wholeControls":40,"wholeWords":188,"pageH":1000}
{"W":1600,"who":"Marcus","mode":"new","surface":"Summary: Analytics","controls":45,"reg":{"top":15,"left":0,"stage":18,"right":12},"words":184,"wholeControls":51,"wholeWords":429,"pageH":1000}
{"W":1600,"who":"Marcus","mode":"new","surface":"Avatar","controls":36,"reg":{"top":15,"left":0,"stage":9,"right":12},"words":128,"wholeControls":52,"wholeWords":251,"pageH":1000}
{"W":1600,"who":"Marcus","mode":"new","surface":"Avatar: Intake","controls":43,"reg":{"top":15,"left":0,"stage":16,"right":12},"words":373,"wholeControls":70,"wholeWords":734,"pageH":1000}
{"W":390,"who":"blank","mode":"old","surface":"Field","controls":22,"reg":{"top":13,"left":0,"stage":9,"right":0},"words":15,"wholeControls":109,"wholeWords":283,"pageH":844}
{"W":390,"who":"blank","mode":"old","surface":"Story","controls":22,"reg":{"top":13,"left":0,"stage":9,"right":0},"words":57,"wholeControls":110,"wholeWords":347,"pageH":844}
{"W":390,"who":"blank","mode":"old","surface":"Summary","controls":15,"reg":{"top":13,"left":0,"stage":2,"right":0},"words":107,"wholeControls":92,"wholeWords":557,"pageH":844}
{"W":390,"who":"blank","mode":"old","surface":"Energetics","controls":16,"reg":{"top":13,"left":0,"stage":3,"right":0},"words":107,"wholeControls":127,"wholeWords":734,"pageH":844}
{"W":390,"who":"blank","mode":"new","surface":"Field","controls":22,"reg":{"top":13,"left":0,"stage":9,"right":0},"words":16,"wholeControls":28,"wholeWords":114,"pageH":844}
{"W":390,"who":"blank","mode":"new","surface":"Summary: Narrative","controls":19,"reg":{"top":13,"left":0,"stage":6,"right":0},"words":90,"wholeControls":43,"wholeWords":322,"pageH":844}
{"W":390,"who":"blank","mode":"new","surface":"Summary: Energetics","controls":43,"reg":{"top":13,"left":0,"stage":30,"right":0},"words":59,"wholeControls":93,"wholeWords":357,"pageH":844}
{"W":390,"who":"blank","mode":"new","surface":"Summary: Psyche","controls":24,"reg":{"top":13,"left":0,"stage":11,"right":0},"words":50,"wholeControls":132,"wholeWords":411,"pageH":844}
{"W":390,"who":"blank","mode":"new","surface":"Summary: Masks","controls":19,"reg":{"top":13,"left":0,"stage":6,"right":0},"words":96,"wholeControls":43,"wholeWords":328,"pageH":844}
{"W":390,"who":"blank","mode":"new","surface":"Summary: Saboteurs","controls":20,"reg":{"top":13,"left":0,"stage":7,"right":0},"words":73,"wholeControls":44,"wholeWords":328,"pageH":844}
{"W":390,"who":"blank","mode":"new","surface":"Summary: Analytics","controls":19,"reg":{"top":13,"left":0,"stage":6,"right":0},"words":90,"wholeControls":43,"wholeWords":536,"pageH":844}
{"W":390,"who":"blank","mode":"new","surface":"Avatar","controls":16,"reg":{"top":13,"left":0,"stage":3,"right":0},"words":66,"wholeControls":50,"wholeWords":317,"pageH":844}
{"W":390,"who":"blank","mode":"new","surface":"Avatar: Intake","controls":17,"reg":{"top":13,"left":0,"stage":4,"right":0},"words":105,"wholeControls":74,"wholeWords":696,"pageH":844}
{"W":390,"who":"James","mode":"old","surface":"Field","controls":22,"reg":{"top":13,"left":0,"stage":9,"right":0},"words":15,"wholeControls":105,"wholeWords":198,"pageH":844}
{"W":390,"who":"James","mode":"old","surface":"Story","controls":22,"reg":{"top":13,"left":0,"stage":9,"right":0},"words":49,"wholeControls":150,"wholeWords":390,"pageH":844}
{"W":390,"who":"James","mode":"old","surface":"Summary","controls":13,"reg":{"top":13,"left":0,"stage":0,"right":0},"words":81,"wholeControls":130,"wholeWords":1225,"pageH":844}
{"W":390,"who":"James","mode":"old","surface":"Energetics","controls":16,"reg":{"top":13,"left":0,"stage":3,"right":0},"words":107,"wholeControls":123,"wholeWords":792,"pageH":844}
{"W":390,"who":"James","mode":"new","surface":"Field","controls":22,"reg":{"top":13,"left":0,"stage":9,"right":0},"words":16,"wholeControls":34,"wholeWords":129,"pageH":844}
{"W":390,"who":"James","mode":"new","surface":"Summary: Narrative","controls":19,"reg":{"top":13,"left":0,"stage":6,"right":0},"words":68,"wholeControls":45,"wholeWords":590,"pageH":844}
{"W":390,"who":"James","mode":"new","surface":"Summary: Energetics","controls":43,"reg":{"top":13,"left":0,"stage":30,"right":0},"words":59,"wholeControls":107,"wholeWords":489,"pageH":844}
{"W":390,"who":"James","mode":"new","surface":"Summary: Psyche","controls":24,"reg":{"top":13,"left":0,"stage":11,"right":0},"words":54,"wholeControls":128,"wholeWords":314,"pageH":844}
{"W":390,"who":"James","mode":"new","surface":"Summary: Masks","controls":25,"reg":{"top":13,"left":0,"stage":12,"right":0},"words":89,"wholeControls":45,"wholeWords":225,"pageH":844}
{"W":390,"who":"James","mode":"new","surface":"Summary: Saboteurs","controls":20,"reg":{"top":13,"left":0,"stage":7,"right":0},"words":46,"wholeControls":40,"wholeWords":195,"pageH":844}
{"W":390,"who":"James","mode":"new","surface":"Summary: Analytics","controls":25,"reg":{"top":13,"left":0,"stage":12,"right":0},"words":47,"wholeControls":51,"wholeWords":438,"pageH":844}
{"W":390,"who":"James","mode":"new","surface":"Avatar","controls":16,"reg":{"top":13,"left":0,"stage":3,"right":0},"words":62,"wholeControls":48,"wholeWords":270,"pageH":844}
{"W":390,"who":"James","mode":"new","surface":"Avatar: Intake","controls":17,"reg":{"top":13,"left":0,"stage":4,"right":0},"words":105,"wholeControls":70,"wholeWords":750,"pageH":844}
{"W":390,"who":"Angela","mode":"old","surface":"Field","controls":22,"reg":{"top":13,"left":0,"stage":9,"right":0},"words":15,"wholeControls":105,"wholeWords":194,"pageH":844}
{"W":390,"who":"Angela","mode":"old","surface":"Story","controls":22,"reg":{"top":13,"left":0,"stage":9,"right":0},"words":48,"wholeControls":136,"wholeWords":333,"pageH":844}
{"W":390,"who":"Angela","mode":"old","surface":"Summary","controls":13,"reg":{"top":13,"left":0,"stage":0,"right":0},"words":68,"wholeControls":126,"wholeWords":1160,"pageH":844}
{"W":390,"who":"Angela","mode":"old","surface":"Energetics","controls":16,"reg":{"top":13,"left":0,"stage":3,"right":0},"words":107,"wholeControls":123,"wholeWords":782,"pageH":844}
{"W":390,"who":"Angela","mode":"new","surface":"Field","controls":22,"reg":{"top":13,"left":0,"stage":9,"right":0},"words":16,"wholeControls":34,"wholeWords":138,"pageH":844}
{"W":390,"who":"Angela","mode":"new","surface":"Summary: Narrative","controls":19,"reg":{"top":13,"left":0,"stage":6,"right":0},"words":75,"wholeControls":41,"wholeWords":524,"pageH":844}
{"W":390,"who":"Angela","mode":"new","surface":"Summary: Energetics","controls":43,"reg":{"top":13,"left":0,"stage":30,"right":0},"words":59,"wholeControls":107,"wholeWords":483,"pageH":844}
{"W":390,"who":"Angela","mode":"new","surface":"Summary: Psyche","controls":24,"reg":{"top":13,"left":0,"stage":11,"right":0},"words":54,"wholeControls":128,"wholeWords":313,"pageH":844}
{"W":390,"who":"Angela","mode":"new","surface":"Summary: Masks","controls":25,"reg":{"top":13,"left":0,"stage":12,"right":0},"words":89,"wholeControls":45,"wholeWords":221,"pageH":844}
{"W":390,"who":"Angela","mode":"new","surface":"Summary: Saboteurs","controls":20,"reg":{"top":13,"left":0,"stage":7,"right":0},"words":51,"wholeControls":40,"wholeWords":210,"pageH":844}
{"W":390,"who":"Angela","mode":"new","surface":"Summary: Analytics","controls":25,"reg":{"top":13,"left":0,"stage":12,"right":0},"words":47,"wholeControls":51,"wholeWords":437,"pageH":844}
{"W":390,"who":"Angela","mode":"new","surface":"Avatar","controls":16,"reg":{"top":13,"left":0,"stage":3,"right":0},"words":66,"wholeControls":48,"wholeWords":293,"pageH":844}
{"W":390,"who":"Angela","mode":"new","surface":"Avatar: Intake","controls":17,"reg":{"top":13,"left":0,"stage":4,"right":0},"words":105,"wholeControls":70,"wholeWords":740,"pageH":844}
{"W":390,"who":"Derek","mode":"old","surface":"Field","controls":22,"reg":{"top":13,"left":0,"stage":9,"right":0},"words":15,"wholeControls":105,"wholeWords":195,"pageH":844}
{"W":390,"who":"Derek","mode":"old","surface":"Story","controls":22,"reg":{"top":13,"left":0,"stage":9,"right":0},"words":49,"wholeControls":164,"wholeWords":406,"pageH":844}
{"W":390,"who":"Derek","mode":"old","surface":"Summary","controls":13,"reg":{"top":13,"left":0,"stage":0,"right":0},"words":76,"wholeControls":130,"wholeWords":1224,"pageH":844}
{"W":390,"who":"Derek","mode":"old","surface":"Energetics","controls":16,"reg":{"top":13,"left":0,"stage":3,"right":0},"words":107,"wholeControls":123,"wholeWords":783,"pageH":844}
{"W":390,"who":"Derek","mode":"new","surface":"Field","controls":22,"reg":{"top":13,"left":0,"stage":9,"right":0},"words":16,"wholeControls":34,"wholeWords":136,"pageH":844}
{"W":390,"who":"Derek","mode":"new","surface":"Summary: Narrative","controls":19,"reg":{"top":13,"left":0,"stage":6,"right":0},"words":68,"wholeControls":45,"wholeWords":584,"pageH":844}
{"W":390,"who":"Derek","mode":"new","surface":"Summary: Energetics","controls":43,"reg":{"top":13,"left":0,"stage":30,"right":0},"words":59,"wholeControls":107,"wholeWords":491,"pageH":844}
{"W":390,"who":"Derek","mode":"new","surface":"Summary: Psyche","controls":24,"reg":{"top":13,"left":0,"stage":11,"right":0},"words":54,"wholeControls":128,"wholeWords":319,"pageH":844}
{"W":390,"who":"Derek","mode":"new","surface":"Summary: Masks","controls":25,"reg":{"top":13,"left":0,"stage":12,"right":0},"words":89,"wholeControls":45,"wholeWords":222,"pageH":844}
{"W":390,"who":"Derek","mode":"new","surface":"Summary: Saboteurs","controls":20,"reg":{"top":13,"left":0,"stage":7,"right":0},"words":46,"wholeControls":40,"wholeWords":192,"pageH":844}
{"W":390,"who":"Derek","mode":"new","surface":"Summary: Analytics","controls":25,"reg":{"top":13,"left":0,"stage":12,"right":0},"words":47,"wholeControls":51,"wholeWords":435,"pageH":844}
{"W":390,"who":"Derek","mode":"new","surface":"Avatar","controls":16,"reg":{"top":13,"left":0,"stage":3,"right":0},"words":67,"wholeControls":48,"wholeWords":287,"pageH":844}
{"W":390,"who":"Derek","mode":"new","surface":"Avatar: Intake","controls":17,"reg":{"top":13,"left":0,"stage":4,"right":0},"words":105,"wholeControls":70,"wholeWords":741,"pageH":844}
{"W":390,"who":"Sofia","mode":"old","surface":"Field","controls":22,"reg":{"top":13,"left":0,"stage":9,"right":0},"words":15,"wholeControls":105,"wholeWords":196,"pageH":844}
{"W":390,"who":"Sofia","mode":"old","surface":"Story","controls":22,"reg":{"top":13,"left":0,"stage":9,"right":0},"words":48,"wholeControls":153,"wholeWords":359,"pageH":844}
{"W":390,"who":"Sofia","mode":"old","surface":"Summary","controls":13,"reg":{"top":13,"left":0,"stage":0,"right":0},"words":69,"wholeControls":126,"wholeWords":1169,"pageH":844}
{"W":390,"who":"Sofia","mode":"old","surface":"Energetics","controls":16,"reg":{"top":13,"left":0,"stage":3,"right":0},"words":107,"wholeControls":123,"wholeWords":736,"pageH":844}
{"W":390,"who":"Sofia","mode":"new","surface":"Field","controls":22,"reg":{"top":13,"left":0,"stage":9,"right":0},"words":16,"wholeControls":34,"wholeWords":148,"pageH":844}
{"W":390,"who":"Sofia","mode":"new","surface":"Summary: Narrative","controls":19,"reg":{"top":13,"left":0,"stage":6,"right":0},"words":61,"wholeControls":41,"wholeWords":526,"pageH":844}
{"W":390,"who":"Sofia","mode":"new","surface":"Summary: Energetics","controls":43,"reg":{"top":13,"left":0,"stage":30,"right":0},"words":59,"wholeControls":107,"wholeWords":489,"pageH":844}
{"W":390,"who":"Sofia","mode":"new","surface":"Summary: Psyche","controls":24,"reg":{"top":13,"left":0,"stage":11,"right":0},"words":54,"wholeControls":128,"wholeWords":342,"pageH":844}
{"W":390,"who":"Sofia","mode":"new","surface":"Summary: Masks","controls":25,"reg":{"top":13,"left":0,"stage":12,"right":0},"words":89,"wholeControls":45,"wholeWords":223,"pageH":844}
{"W":390,"who":"Sofia","mode":"new","surface":"Summary: Saboteurs","controls":20,"reg":{"top":13,"left":0,"stage":7,"right":0},"words":59,"wholeControls":40,"wholeWords":208,"pageH":844}
{"W":390,"who":"Sofia","mode":"new","surface":"Summary: Analytics","controls":25,"reg":{"top":13,"left":0,"stage":12,"right":0},"words":47,"wholeControls":51,"wholeWords":442,"pageH":844}
{"W":390,"who":"Sofia","mode":"new","surface":"Avatar","controls":16,"reg":{"top":13,"left":0,"stage":3,"right":0},"words":69,"wholeControls":48,"wholeWords":274,"pageH":844}
{"W":390,"who":"Sofia","mode":"new","surface":"Avatar: Intake","controls":17,"reg":{"top":13,"left":0,"stage":4,"right":0},"words":105,"wholeControls":70,"wholeWords":694,"pageH":844}
{"W":390,"who":"Diane","mode":"old","surface":"Field","controls":22,"reg":{"top":13,"left":0,"stage":9,"right":0},"words":15,"wholeControls":105,"wholeWords":188,"pageH":844}
{"W":390,"who":"Diane","mode":"old","surface":"Story","controls":22,"reg":{"top":13,"left":0,"stage":9,"right":0},"words":49,"wholeControls":142,"wholeWords":361,"pageH":844}
{"W":390,"who":"Diane","mode":"old","surface":"Summary","controls":13,"reg":{"top":13,"left":0,"stage":0,"right":0},"words":73,"wholeControls":130,"wholeWords":1231,"pageH":844}
{"W":390,"who":"Diane","mode":"old","surface":"Energetics","controls":16,"reg":{"top":13,"left":0,"stage":3,"right":0},"words":107,"wholeControls":123,"wholeWords":776,"pageH":844}
{"W":390,"who":"Diane","mode":"new","surface":"Field","controls":22,"reg":{"top":13,"left":0,"stage":9,"right":0},"words":16,"wholeControls":34,"wholeWords":129,"pageH":844}
{"W":390,"who":"Diane","mode":"new","surface":"Summary: Narrative","controls":19,"reg":{"top":13,"left":0,"stage":6,"right":0},"words":64,"wholeControls":45,"wholeWords":575,"pageH":844}
{"W":390,"who":"Diane","mode":"new","surface":"Summary: Energetics","controls":43,"reg":{"top":13,"left":0,"stage":30,"right":0},"words":59,"wholeControls":107,"wholeWords":500,"pageH":844}
{"W":390,"who":"Diane","mode":"new","surface":"Summary: Psyche","controls":24,"reg":{"top":13,"left":0,"stage":11,"right":0},"words":54,"wholeControls":128,"wholeWords":312,"pageH":844}
{"W":390,"who":"Diane","mode":"new","surface":"Summary: Masks","controls":25,"reg":{"top":13,"left":0,"stage":12,"right":0},"words":89,"wholeControls":45,"wholeWords":215,"pageH":844}
{"W":390,"who":"Diane","mode":"new","surface":"Summary: Saboteurs","controls":20,"reg":{"top":13,"left":0,"stage":7,"right":0},"words":45,"wholeControls":40,"wholeWords":187,"pageH":844}
{"W":390,"who":"Diane","mode":"new","surface":"Summary: Analytics","controls":25,"reg":{"top":13,"left":0,"stage":12,"right":0},"words":47,"wholeControls":51,"wholeWords":428,"pageH":844}
{"W":390,"who":"Diane","mode":"new","surface":"Avatar","controls":16,"reg":{"top":13,"left":0,"stage":3,"right":0},"words":53,"wholeControls":48,"wholeWords":249,"pageH":844}
{"W":390,"who":"Diane","mode":"new","surface":"Avatar: Intake","controls":17,"reg":{"top":13,"left":0,"stage":4,"right":0},"words":105,"wholeControls":70,"wholeWords":734,"pageH":844}
{"W":390,"who":"Marcus","mode":"old","surface":"Field","controls":22,"reg":{"top":13,"left":0,"stage":9,"right":0},"words":15,"wholeControls":105,"wholeWords":188,"pageH":844}
{"W":390,"who":"Marcus","mode":"old","surface":"Story","controls":22,"reg":{"top":13,"left":0,"stage":9,"right":0},"words":49,"wholeControls":118,"wholeWords":306,"pageH":844}
{"W":390,"who":"Marcus","mode":"old","surface":"Summary","controls":13,"reg":{"top":13,"left":0,"stage":0,"right":0},"words":75,"wholeControls":128,"wholeWords":1196,"pageH":844}
{"W":390,"who":"Marcus","mode":"old","surface":"Energetics","controls":16,"reg":{"top":13,"left":0,"stage":3,"right":0},"words":107,"wholeControls":123,"wholeWords":776,"pageH":844}
{"W":390,"who":"Marcus","mode":"new","surface":"Field","controls":22,"reg":{"top":13,"left":0,"stage":9,"right":0},"words":16,"wholeControls":34,"wholeWords":138,"pageH":844}
{"W":390,"who":"Marcus","mode":"new","surface":"Summary: Narrative","controls":19,"reg":{"top":13,"left":0,"stage":6,"right":0},"words":67,"wholeControls":43,"wholeWords":557,"pageH":844}
{"W":390,"who":"Marcus","mode":"new","surface":"Summary: Energetics","controls":43,"reg":{"top":13,"left":0,"stage":30,"right":0},"words":59,"wholeControls":107,"wholeWords":482,"pageH":844}
{"W":390,"who":"Marcus","mode":"new","surface":"Summary: Psyche","controls":24,"reg":{"top":13,"left":0,"stage":11,"right":0},"words":54,"wholeControls":128,"wholeWords":288,"pageH":844}
{"W":390,"who":"Marcus","mode":"new","surface":"Summary: Masks","controls":25,"reg":{"top":13,"left":0,"stage":12,"right":0},"words":89,"wholeControls":45,"wholeWords":215,"pageH":844}
{"W":390,"who":"Marcus","mode":"new","surface":"Summary: Saboteurs","controls":20,"reg":{"top":13,"left":0,"stage":7,"right":0},"words":49,"wholeControls":40,"wholeWords":188,"pageH":844}
{"W":390,"who":"Marcus","mode":"new","surface":"Summary: Analytics","controls":25,"reg":{"top":13,"left":0,"stage":12,"right":0},"words":47,"wholeControls":51,"wholeWords":429,"pageH":844}
{"W":390,"who":"Marcus","mode":"new","surface":"Avatar","controls":16,"reg":{"top":13,"left":0,"stage":3,"right":0},"words":55,"wholeControls":48,"wholeWords":249,"pageH":844}
{"W":390,"who":"Marcus","mode":"new","surface":"Avatar: Intake","controls":17,"reg":{"top":13,"left":0,"stage":4,"right":0},"words":105,"wholeControls":70,"wholeWords":734,"pageH":844}
{"W":1600,"task":"write","nm":"Write an entry and commit it, then see where it landed on the Field","mode":"today","taps":3,"scroll":0,"fieldShows":{"tab":2,"held":0,"carrying":27,"bankOnScreen":false}}
{"W":1600,"task":"write","nm":"Write an entry and commit it, then see where it landed on the Field","mode":"new","taps":1,"scroll":0,"fieldShows":{"tab":2,"held":0,"carrying":27,"bankOnScreen":true}}
{"W":1600,"task":"release","nm":"Run a release on the three heaviest, from the Field","mode":"today","taps":1,"scroll":1014}
{"W":1600,"task":"release","nm":"Run a release on the three heaviest, from the Field","mode":"new","taps":1,"scroll":0}
{"W":1600,"task":"analytics","nm":"Reach Analytics","mode":"today","taps":1,"scroll":3359}
{"W":1600,"task":"analytics","nm":"Reach Analytics","mode":"new","taps":2,"scroll":0}
{"W":1600,"task":"masks","nm":"Reach the masks","mode":"today","taps":1,"scroll":46}
{"W":1600,"task":"masks","nm":"Reach the masks","mode":"new","taps":2,"scroll":0}
{"W":1600,"task":"child","nm":"Move the held slider for the nine child emotions","mode":"today","taps":1,"scroll":524}
{"W":1600,"task":"child","nm":"Move the held slider for the nine child emotions","mode":"new","taps":2,"scroll":0}
{"W":1600,"task":"numerology","nm":"Read the life path number","mode":"today","taps":1,"scroll":0}
{"W":1600,"task":"numerology","nm":"Read the life path number","mode":"new","taps":2,"scroll":1388}
{"W":1600,"task":"intake","nm":"Start the intake","mode":"today","taps":1,"scroll":0}
{"W":1600,"task":"intake","nm":"Start the intake","mode":"new","taps":2,"scroll":0}
{"W":1600,"task":"intake","nm":"Start the intake","mode":"newSum","taps":3,"scroll":0}
{"W":1600,"task":"avatar","nm":"See who you said you are becoming, on the avatar","mode":"new","taps":1,"scroll":0}
{"W":1600,"task":"avatar","nm":"See who you said you are becoming, on the avatar","mode":"newSum","taps":2,"scroll":0}
{"W":390,"task":"write","nm":"Write an entry and commit it, then see where it landed on the Field","mode":"today","taps":3,"scroll":5,"fieldShows":{"tab":2,"held":0,"carrying":27,"bankOnScreen":false}}
{"W":390,"task":"write","nm":"Write an entry and commit it, then see where it landed on the Field","mode":"new","taps":1,"scroll":552,"fieldShows":{"tab":2,"held":0,"carrying":27,"bankOnScreen":true}}
{"W":390,"task":"release","nm":"Run a release on the three heaviest, from the Field","mode":"today","taps":1,"scroll":4094}
{"W":390,"task":"release","nm":"Run a release on the three heaviest, from the Field","mode":"new","taps":1,"scroll":1912}
{"W":390,"task":"analytics","nm":"Reach Analytics","mode":"today","taps":1,"scroll":5933}
{"W":390,"task":"analytics","nm":"Reach Analytics","mode":"new","taps":2,"scroll":660}
{"W":390,"task":"masks","nm":"Reach the masks","mode":"today","taps":1,"scroll":2533}
{"W":390,"task":"masks","nm":"Reach the masks","mode":"new","taps":2,"scroll":0}
{"W":390,"task":"child","nm":"Move the held slider for the nine child emotions","mode":"today","taps":1,"scroll":1487}
{"W":390,"task":"child","nm":"Move the held slider for the nine child emotions","mode":"new","taps":2,"scroll":178}
{"W":390,"task":"numerology","nm":"Read the life path number","mode":"today","taps":1,"scroll":170}
{"W":390,"task":"numerology","nm":"Read the life path number","mode":"new","taps":2,"scroll":2245}
{"W":390,"task":"intake","nm":"Start the intake","mode":"today","taps":1,"scroll":0}
{"W":390,"task":"intake","nm":"Start the intake","mode":"new","taps":2,"scroll":0}
{"W":390,"task":"intake","nm":"Start the intake","mode":"newSum","taps":3,"scroll":97}
{"W":390,"task":"avatar","nm":"See who you said you are becoming, on the avatar","mode":"new","taps":1,"scroll":0}
{"W":390,"task":"avatar","nm":"See who you said you are becoming, on the avatar","mode":"newSum","taps":2,"scroll":0}
{"mode":"old","surface":"Field","w":{"Held":1,"held":1,"Carrying":1,"carrying":1,"Filled in":1,"Release":1}}
{"mode":"old","surface":"Story","w":{"Held":2,"held":8,"Carrying":1,"carrying":1,"Filled in":1,"installed":4,"Commit":1,"Release":3}}
{"mode":"old","surface":"Summary","w":{"Held":1,"held":3,"Carrying":1,"carrying":5,"Filled in":1,"installed":3,"Installed":1,"Release":3}}
{"mode":"new","surface":"Field","w":{"Imprints":1,"Bank":3,"bank":2,"Vault":3,"released":1,"Commit":1,"Release":3}}
{"mode":"new","surface":"Summary: Narrative","w":{"Held":1,"held":1,"Carrying":1,"carrying":2,"Filled in":1,"installed":2,"Installed":1,"Release":3}}
{"card":"Released 3 addresses 0 cleared entirely, 66 weight freed 93 -22 Escapism toward Vitality 93 -22 Addiction toward Vitality 93 -22 Lust toward Vitality Expression up 1.8, now 34.9. Release has about 8.8 points more in it before the laws are the only thing holding expression down. Release empties the address. The coherent opposite is installing on the same pass. The rebound is day four and a half. Completion is day twenty seven. Done Build a ritual"}
{"start":"blank","who":"Sofia","line":1,"text":"I hold the room for everyone. I have not been held in four years and I would not know how to ask.","typed":{"pending":0,"read":0,"canCommit":false,"ai":"Nothing in this entry names a feeling the instrument reads yet, so there is nothing to commit. Say what your body did, and where. \"My chest was tight\" reads; \"it was a hard week\" does not."},"before":{"bank":0,"above":0,"dq":0,"vault":0},"after":null,"release":null}
{"start":"blank","who":"Sofia","line":2,"text":"The last client left at nine and I sat in the car for twenty minutes before I drove home.","typed":{"pending":0,"read":0,"canCommit":false,"ai":"Nothing in this entry names a feeling the instrument reads yet, so there is nothing to commit. Say what your body did, and where. \"My chest was tight\" reads; \"it was a hard week\" does not."},"before":{"bank":0,"above":0,"dq":0,"vault":0},"after":null,"release":null}
{"start":"blank","who":"Sofia","line":3,"text":"I can read my clients in a minute and I cannot read myself at all.","typed":{"pending":0,"read":0,"canCommit":false,"ai":"Nothing in this entry names a feeling the instrument reads yet, so there is nothing to commit. Say what your body did, and where. \"My chest was tight\" reads; \"it was a hard week\" does not."},"before":{"bank":0,"above":0,"dq":0,"vault":0},"after":null,"release":null}
{"start":"blank","who":"Sofia","line":4,"text":"I am angry with a client and that has never happened before. I am ashamed of it.","typed":{"pending":4,"read":4,"canCommit":true,"ai":"This entry reads at the solar plexus. 4 words carry it, heaviest at the solar plexus. Commit it and 4 addresses go to your bank."},"before":{"bank":0,"above":0,"dq":0,"vault":0},"after":{"bank":38,"above":0,"dq":3.8,"vault":0,"canRelease":true,"ai":"38 addresses went to your bank. It now holds 38. Shadow weight went from 0 to 4. None of it crossed the line yet. It is kept, and the next entry adds to it."},"release":{"bank":38,"above":0,"dq":2.4,"vault":3,"ai":"The release took shadow weight from 4 to 2. 3 addresses went to your vault. All three sat under the line already, so the line did not move; their weight did. Your bank holds 38."}}
{"start":"blank","who":"Sofia","line":5,"text":"I am exhausted in a way that sleep does not touch.","typed":{"pending":1,"read":1,"canCommit":true,"ai":"This entry reads at the solar plexus. 1 word carries it, heaviest at the solar plexus. Commit it and 1 address goes to your bank."},"before":{"bank":38,"above":0,"dq":2.4,"vault":3},"after":{"bank":49,"above":0,"dq":4.3,"vault":3,"canRelease":true,"ai":"11 addresses went to your bank. It now holds 49. Shadow weight went from 2 to 4. None of it crossed the line yet. It is kept, and the next entry adds to it."},"release":null}
{"start":"blank","who":"Diane","line":1,"text":"I worked until eleven again and I have nothing to show anyone for it.","typed":{"pending":0,"read":0,"canCommit":false,"ai":"Nothing in this entry names a feeling the instrument reads yet, so there is nothing to commit. Say what your body did, and where. \"My chest was tight\" reads; \"it was a hard week\" does not."},"before":{"bank":0,"above":0,"dq":0,"vault":0},"after":null,"release":null}
{"start":"blank","who":"Diane","line":2,"text":"Rest feels like a moral failure. I said that out loud in a board meeting and nobody blinked.","typed":{"pending":0,"read":0,"canCommit":false,"ai":"Nothing in this entry names a feeling the instrument reads yet, so there is nothing to commit. Say what your body did, and where. \"My chest was tight\" reads; \"it was a hard week\" does not."},"before":{"bank":0,"above":0,"dq":0,"vault":0},"after":null,"release":null}
{"start":"blank","who":"Diane","line":3,"text":"Payroll is Friday and I have not told anyone how close it is. My jaw is tight from the moment I wake up.","typed":{"pending":4,"read":1,"canCommit":true,"ai":"This entry reads at the throat. 1 word carries it, heaviest at the throat. Some of your words name a seat and not an address, so those land where the seat holds charge, not under a name. Commit it and 4 addresses go to your bank."},"before":{"bank":0,"above":0,"dq":0,"vault":0},"after":{"bank":16,"above":0,"dq":1.3,"vault":0,"canRelease":true,"ai":"16 addresses went to your bank. It now holds 16. Shadow weight went from 0 to 1. None of it crossed the line yet. It is kept, and the next entry adds to it."},"release":{"bank":16,"above":0,"dq":0.8,"vault":3,"ai":"The release took shadow weight from 1 to 1. 3 addresses went to your vault. All three sat under the line already, so the line did not move; their weight did. Your bank holds 16."}}
{"start":"blank","who":"Diane","line":4,"text":"I am terrified the round does not close and I am the only one who knows.","typed":{"pending":4,"read":2,"canCommit":true,"ai":"This entry reads at the root. 2 words carry it, heaviest at the root. Commit it and 4 addresses go to your bank."},"before":{"bank":16,"above":0,"dq":0.8,"vault":3},"after":{"bank":27,"above":0,"dq":2.6,"vault":3,"canRelease":true,"ai":"11 addresses went to your bank. It now holds 27. Shadow weight went from 1 to 3. None of it crossed the line yet. It is kept, and the next entry adds to it."},"release":null}
{"start":"blank","who":"Diane","line":5,"text":"I snapped at my cofounder in front of the team and I have not apologised.","typed":{"pending":4,"read":1,"canCommit":true,"ai":"This entry reads at the solar plexus. 1 word carries it, heaviest at the solar plexus. Some of your words name a seat and not an address, so those land where the seat holds charge, not under a name. Commit it and 4 addresses go to your bank."},"before":{"bank":27,"above":0,"dq":2.6,"vault":3},"after":{"bank":54,"above":0,"dq":5.1,"vault":3,"canRelease":true,"ai":"27 addresses went to your bank. It now holds 54. Shadow weight went from 3 to 5. None of it crossed the line yet. It is kept, and the next entry adds to it."},"release":null}
{"start":"blank","who":"Diane","line":6,"text":"I am exhausted and I cannot stop. Those two things are the same sentence now.","typed":{"pending":5,"read":2,"canCommit":true,"ai":"This entry reads at the solar plexus, the sacral. 2 words carry it, heaviest at the solar plexus. Commit it and 5 addresses go to your bank."},"before":{"bank":54,"above":0,"dq":5.1,"vault":3},"after":{"bank":65,"above":0,"dq":8.3,"vault":3,"canRelease":true,"ai":"11 addresses went to your bank. It now holds 65. Shadow weight went from 5 to 8. None of it crossed the line yet. It is kept, and the next entry adds to it."},"release":null}
{"start":"blank","who":"Marcus","line":1,"text":"I can see what is wrong with anything in four seconds. It has cost me two studios.","typed":{"pending":0,"read":0,"canCommit":false,"ai":"Nothing in this entry names a feeling the instrument reads yet, so there is nothing to commit. Say what your body did, and where. \"My chest was tight\" reads; \"it was a hard week\" does not."},"before":{"bank":0,"above":0,"dq":0,"vault":0},"after":null,"release":null}
{"start":"blank","who":"Marcus","line":2,"text":"I killed a good idea today because it was not mine and I knew I was doing it.","typed":{"pending":0,"read":0,"canCommit":false,"ai":"Nothing in this entry names a feeling the instrument reads yet, so there is nothing to commit. Say what your body did, and where. \"My chest was tight\" reads; \"it was a hard week\" does not."},"before":{"bank":0,"above":0,"dq":0,"vault":0},"after":null,"release":null}
{"start":"blank","who":"Marcus","line":3,"text":"I am ashamed of how I spoke to the junior and I will not bring it up tomorrow.","typed":{"pending":4,"read":2,"canCommit":true,"ai":"This entry reads at the solar plexus. 2 words carry it, heaviest at the solar plexus. Some of your words name a seat and not an address, so those land where the seat holds charge, not under a name. Commit it and 4 addresses go to your bank."},"before":{"bank":0,"above":0,"dq":0,"vault":0},"after":{"bank":38,"above":0,"dq":2.5,"vault":0,"canRelease":true,"ai":"38 addresses went to your bank. It now holds 38. Shadow weight went from 0 to 2. None of it crossed the line yet. It is kept, and the next entry adds to it."},"release":{"bank":38,"above":0,"dq":1.4,"vault":3,"ai":"The release took shadow weight from 2 to 1. 3 addresses went to your vault. All three sat under the line already, so the line did not move; their weight did. Your bank holds 38."}}
{"start":"blank","who":"Marcus","line":4,"text":"I lied about the timeline. Again. It is easier than the conversation.","typed":{"pending":4,"read":1,"canCommit":true,"ai":"This entry reads at the throat. 1 word carries it, heaviest at the throat. Some of your words name a seat and not an address, so those land where the seat holds charge, not under a name. Commit it and 4 addresses go to your bank."},"before":{"bank":38,"above":0,"dq":1.4,"vault":3},"after":{"bank":54,"above":0,"dq":2.8,"vault":3,"canRelease":true,"ai":"16 addresses went to your bank. It now holds 54. Shadow weight went from 1 to 3. None of it crossed the line yet. It is kept, and the next entry adds to it."},"release":null}
{"start":"blank","who":"Marcus","line":5,"text":"Nothing I made this year interests me. I am disgusted by all of it.","typed":{"pending":0,"read":0,"canCommit":false,"ai":"Nothing in this entry names a feeling the instrument reads yet, so there is nothing to commit. Say what your body did, and where. \"My chest was tight\" reads; \"it was a hard week\" does not."},"before":{"bank":54,"above":0,"dq":2.8,"vault":3},"after":null,"release":null}
{"start":"blank","who":"Angela","line":1,"text":"Everything happens for a reason. I have said that at three funerals and I believed it each time.","typed":{"pending":4,"read":1,"canCommit":true,"ai":"This entry reads at the heart. 1 word carries it, heaviest at the heart. Some of your words name a seat and not an address, so those land where the seat holds charge, not under a name. Commit it and 4 addresses go to your bank."},"before":{"bank":0,"above":0,"dq":0,"vault":0},"after":{"bank":17,"above":0,"dq":2.2,"vault":0,"canRelease":true,"ai":"17 addresses went to your bank. It now holds 17. Shadow weight went from 0 to 2. None of it crossed the line yet. It is kept, and the next entry adds to it."},"release":{"bank":17,"above":0,"dq":1.3,"vault":3,"ai":"The release took shadow weight from 2 to 1. 3 addresses went to your vault. All three sat under the line already, so the line did not move; their weight did. Your bank holds 17."}}
{"start":"blank","who":"Angela","line":2,"text":"I am sad in a way that does not attach to anything and it has been weeks.","typed":{"pending":4,"read":2,"canCommit":true,"ai":"This entry reads at the heart. 2 words carry it, heaviest at the heart. Commit it and 4 addresses go to your bank."},"before":{"bank":17,"above":0,"dq":1.3,"vault":3},"after":{"bank":17,"above":0,"dq":3,"vault":3,"canRelease":true,"ai":"Your bank took the charge on addresses it already holds, so the count stayed at 17. Shadow weight went from 1 to 3. None of it crossed the line yet. It is kept, and the next entry adds to it."},"release":null}
{"start":"blank","who":"Angela","line":3,"text":"I have done six modalities and I am still looking for the one that lands.","typed":{"pending":0,"read":0,"canCommit":false,"ai":"Nothing in this entry names a feeling the instrument reads yet, so there is nothing to commit. Say what your body did, and where. \"My chest was tight\" reads; \"it was a hard week\" does not."},"before":{"bank":17,"above":0,"dq":3,"vault":3},"after":null,"release":null}
{"start":"blank","who":"Angela","line":4,"text":"I want to know why I keep choosing the same kind of person.","typed":{"pending":0,"read":0,"canCommit":false,"ai":"Nothing in this entry names a feeling the instrument reads yet, so there is nothing to commit. Say what your body did, and where. \"My chest was tight\" reads; \"it was a hard week\" does not."},"before":{"bank":17,"above":0,"dq":3,"vault":3},"after":null,"release":null}
{"start":"blank","who":"Angela","line":5,"text":"I am so tired of being the one who understands everybody else.","typed":{"pending":0,"read":0,"canCommit":false,"ai":"Nothing in this entry names a feeling the instrument reads yet, so there is nothing to commit. Say what your body did, and where. \"My chest was tight\" reads; \"it was a hard week\" does not."},"before":{"bank":17,"above":0,"dq":3,"vault":3},"after":null,"release":null}
{"start":"blank","who":"Angela","line":6,"text":"I am afraid that this is just who I am now.","typed":{"pending":4,"read":2,"canCommit":true,"ai":"This entry reads at the root. 2 words carry it, heaviest at the root. Commit it and 4 addresses go to your bank."},"before":{"bank":17,"above":0,"dq":3,"vault":3},"after":{"bank":28,"above":0,"dq":4.1,"vault":3,"canRelease":true,"ai":"11 addresses went to your bank. It now holds 28. Shadow weight went from 3 to 4. None of it crossed the line yet. It is kept, and the next entry adds to it."},"release":null}
{"start":"blank","who":"Derek","line":1,"text":"My last three sessions were slower and nothing in the data explains it.","typed":{"pending":0,"read":0,"canCommit":false,"ai":"Nothing in this entry names a feeling the instrument reads yet, so there is nothing to commit. Say what your body did, and where. \"My chest was tight\" reads; \"it was a hard week\" does not."},"before":{"bank":0,"above":0,"dq":0,"vault":0},"after":null,"release":null}
{"start":"blank","who":"Derek","line":2,"text":"Pain is information. I have raced on a stress fracture and I would do it again.","typed":{"pending":0,"read":0,"canCommit":false,"ai":"Nothing in this entry names a feeling the instrument reads yet, so there is nothing to commit. Say what your body did, and where. \"My chest was tight\" reads; \"it was a hard week\" does not."},"before":{"bank":0,"above":0,"dq":0,"vault":0},"after":null,"release":null}
{"start":"blank","who":"Derek","line":3,"text":"My shoulders are up by my ears before I even start. My chest is tight on the warm up.","typed":{"pending":4,"read":1,"canCommit":true,"ai":"This entry reads at the heart. 1 word carries it, heaviest at the heart. Some of your words name a seat and not an address, so those land where the seat holds charge, not under a name. Commit it and 4 addresses go to your bank."},"before":{"bank":0,"above":0,"dq":0,"vault":0},"after":{"bank":17,"above":0,"dq":2.2,"vault":0,"canRelease":true,"ai":"17 addresses went to your bank. It now holds 17. Shadow weight went from 0 to 2. None of it crossed the line yet. It is kept, and the next entry adds to it."},"release":{"bank":17,"above":0,"dq":1.3,"vault":3,"ai":"The release took shadow weight from 2 to 1. 3 addresses went to your vault. All three sat under the line already, so the line did not move; their weight did. Your bank holds 17."}}
{"start":"blank","who":"Derek","line":4,"text":"I have not slept properly in eleven days and I am still training twice a day.","typed":{"pending":4,"read":1,"canCommit":true,"ai":"This entry reads at the root. 1 word carries it, heaviest at the root. Some of your words name a seat and not an address, so those land where the seat holds charge, not under a name. Commit it and 4 addresses go to your bank."},"before":{"bank":17,"above":0,"dq":1.3,"vault":3},"after":{"bank":28,"above":0,"dq":2.6,"vault":3,"canRelease":true,"ai":"11 addresses went to your bank. It now holds 28. Shadow weight went from 1 to 3. None of it crossed the line yet. It is kept, and the next entry adds to it."},"release":null}
{"start":"blank","who":"Derek","line":5,"text":"I am angry all the time and there is nothing to be angry at.","typed":{"pending":4,"read":4,"canCommit":true,"ai":"This entry reads at the solar plexus. 4 words carry it, heaviest at the solar plexus. Commit it and 4 addresses go to your bank."},"before":{"bank":28,"above":0,"dq":2.6,"vault":3},"after":{"bank":55,"above":0,"dq":6.3,"vault":3,"canRelease":true,"ai":"27 addresses went to your bank. It now holds 55. Shadow weight went from 3 to 6. None of it crossed the line yet. It is kept, and the next entry adds to it."},"release":null}
{"start":"blank","who":"Derek","line":6,"text":"I am numb through the last ten percent and I used to feel everything there.","typed":{"pending":4,"read":2,"canCommit":true,"ai":"This entry reads at the sacral. 2 words carry it, heaviest at the sacral. Commit it and 4 addresses go to your bank."},"before":{"bank":55,"above":0,"dq":6.3,"vault":3},"after":{"bank":66,"above":0,"dq":7.6,"vault":3,"canRelease":true,"ai":"11 addresses went to your bank. It now holds 66. Shadow weight went from 6 to 8. None of it crossed the line yet. It is kept, and the next entry adds to it."},"release":null}
{"start":"blank","who":"James","line":1,"text":"I make the call and I sleep fine. People find that cold. It is what they hired.","typed":{"pending":0,"read":0,"canCommit":false,"ai":"Nothing in this entry names a feeling the instrument reads yet, so there is nothing to commit. Say what your body did, and where. \"My chest was tight\" reads; \"it was a hard week\" does not."},"before":{"bank":0,"above":0,"dq":0,"vault":0},"after":null,"release":null}
{"start":"blank","who":"James","line":2,"text":"Third turnaround. I know exactly what it costs and I do it anyway.","typed":{"pending":0,"read":0,"canCommit":false,"ai":"Nothing in this entry names a feeling the instrument reads yet, so there is nothing to commit. Say what your body did, and where. \"My chest was tight\" reads; \"it was a hard week\" does not."},"before":{"bank":0,"above":0,"dq":0,"vault":0},"after":null,"release":null}
{"start":"blank","who":"James","line":3,"text":"I felt nothing when we let forty people go and that is the part that frightens me.","typed":{"pending":4,"read":1,"canCommit":true,"ai":"This entry reads at the crown. 1 word carries it, heaviest at the crown. Some of your words name a seat and not an address, so those land where the seat holds charge, not under a name. Commit it and 4 addresses go to your bank."},"before":{"bank":0,"above":0,"dq":0,"vault":0},"after":{"bank":27,"above":0,"dq":3,"vault":0,"canRelease":true,"ai":"27 addresses went to your bank. It now holds 27. Shadow weight went from 0 to 3. None of it crossed the line yet. It is kept, and the next entry adds to it."},"release":{"bank":27,"above":0,"dq":1.7,"vault":3,"ai":"The release took shadow weight from 3 to 2. 3 addresses went to your vault. All three sat under the line already, so the line did not move; their weight did. Your bank holds 27."}}
{"start":"blank","who":"James","line":4,"text":"My chest is tight in every meeting and I have told no one, including my doctor.","typed":{"pending":4,"read":1,"canCommit":true,"ai":"This entry reads at the heart. 1 word carries it, heaviest at the heart. Some of your words name a seat and not an address, so those land where the seat holds charge, not under a name. Commit it and 4 addresses go to your bank."},"before":{"bank":27,"above":0,"dq":1.7,"vault":3},"after":{"bank":44,"above":0,"dq":4,"vault":3,"canRelease":true,"ai":"17 addresses went to your bank. It now holds 44. Shadow weight went from 2 to 4. None of it crossed the line yet. It is kept, and the next entry adds to it."},"release":null}
{"start":"blank","who":"James","line":5,"text":"I am numb. I have been numb since the second company and I called it discipline.","typed":{"pending":4,"read":4,"canCommit":true,"ai":"This entry reads at the sacral. 4 words carry it, heaviest at the sacral. Commit it and 4 addresses go to your bank."},"before":{"bank":44,"above":0,"dq":4,"vault":3},"after":{"bank":55,"above":0,"dq":6.3,"vault":3,"canRelease":true,"ai":"11 addresses went to your bank. It now holds 55. Shadow weight went from 4 to 6. None of it crossed the line yet. It is kept, and the next entry adds to it."},"release":null}
{"start":"own","who":"Sofia","line":1,"text":"I am angry with a client and that has never happened before. I am ashamed of it.","typed":{"pending":4,"read":4,"canCommit":true,"ai":"This entry reads at the solar plexus. 4 words carry it, heaviest at the solar plexus. Commit it and 4 addresses go to your bank."},"before":{"bank":52,"above":0,"dq":5,"vault":0},"after":{"bank":52,"above":0,"dq":5.1,"vault":0,"canRelease":true,"ai":"Your bank took the charge on addresses it already holds, so the count stayed at 52. Shadow weight moved less than a point, at 5. None of it crossed the line yet. It is kept, and the next entry adds to it."},"release":{"bank":52,"above":0,"dq":4.2,"vault":3,"ai":"The release took shadow weight from 5 to 4. 3 addresses went to your vault. All three sat under the line already, so the line did not move; their weight did. Your bank holds 52."}}
{"start":"own","who":"Diane","line":1,"text":"Payroll is Friday and I have not told anyone how close it is. My jaw is tight from the moment I wake up.","typed":{"pending":4,"read":1,"canCommit":true,"ai":"This entry reads at the throat. 1 word carries it, heaviest at the throat. Some of your words name a seat and not an address, so those land where the seat holds charge, not under a name. Commit it and 4 addresses go to your bank."},"before":{"bank":91,"above":26,"dq":27.1,"vault":0},"after":{"bank":91,"above":30,"dq":29.1,"vault":0,"canRelease":true,"ai":"Your bank took the charge on addresses it already holds, so the count stayed at 91. Shadow weight went from 27 to 29. 4 addresses crossed the line, so a release can reach them."},"release":{"bank":91,"above":16,"dq":24.6,"vault":3,"ai":"The release took shadow weight from 29 to 25. 3 addresses went to your vault. It lightened the whole axis each address sits on, so 14 addresses dropped under the line, not 3. Your bank holds 91."}}
{"start":"own","who":"Marcus","line":1,"text":"I am ashamed of how I spoke to the junior and I will not bring it up tomorrow.","typed":{"pending":4,"read":2,"canCommit":true,"ai":"This entry reads at the solar plexus. 2 words carry it, heaviest at the solar plexus. Some of your words name a seat and not an address, so those land where the seat holds charge, not under a name. Commit it and 4 addresses go to your bank."},"before":{"bank":99,"above":3,"dq":14.9,"vault":0},"after":{"bank":99,"above":9,"dq":17.5,"vault":0,"canRelease":true,"ai":"Your bank took the charge on addresses it already holds, so the count stayed at 99. Shadow weight went from 15 to 17. 6 addresses crossed the line, so a release can reach them."},"release":{"bank":99,"above":3,"dq":14.6,"vault":3,"ai":"The release took shadow weight from 17 to 15. 3 addresses went to your vault. It lightened the whole axis each address sits on, so 6 addresses dropped under the line, not 3. Your bank holds 99."}}
{"start":"own","who":"Angela","line":1,"text":"Everything happens for a reason. I have said that at three funerals and I believed it each time.","typed":{"pending":4,"read":1,"canCommit":true,"ai":"This entry reads at the heart. 1 word carries it, heaviest at the heart. Some of your words name a seat and not an address, so those land where the seat holds charge, not under a name. Commit it and 4 addresses go to your bank."},"before":{"bank":74,"above":0,"dq":6.7,"vault":0},"after":{"bank":74,"above":0,"dq":6.7,"vault":0,"canRelease":true,"ai":"Your bank took the charge on addresses it already holds, so the count stayed at 74. Shadow weight moved less than a point, at 7. None of it crossed the line yet. It is kept, and the next entry adds to it."},"release":{"bank":74,"above":0,"dq":5.7,"vault":3,"ai":"The release took shadow weight from 7 to 6. 3 addresses went to your vault. All three sat under the line already, so the line did not move; their weight did. Your bank holds 74."}}
{"start":"own","who":"Derek","line":1,"text":"My shoulders are up by my ears before I even start. My chest is tight on the warm up.","typed":{"pending":4,"read":1,"canCommit":true,"ai":"This entry reads at the heart. 1 word carries it, heaviest at the heart. Some of your words name a seat and not an address, so those land where the seat holds charge, not under a name. Commit it and 4 addresses go to your bank."},"before":{"bank":90,"above":46,"dq":35.8,"vault":0},"after":{"bank":90,"above":52,"dq":37.9,"vault":0,"canRelease":true,"ai":"Your bank took the charge on addresses it already holds, so the count stayed at 90. Shadow weight went from 36 to 38. 6 addresses crossed the line, so a release can reach them."},"release":{"bank":90,"above":37,"dq":32.2,"vault":3,"ai":"The release took shadow weight from 38 to 32. 3 addresses went to your vault. It lightened the whole axis each address sits on, so 15 addresses dropped under the line, not 3. Your bank holds 90."}}
{"start":"own","who":"James","line":1,"text":"I felt nothing when we let forty people go and that is the part that frightens me.","typed":{"pending":4,"read":1,"canCommit":true,"ai":"This entry reads at the crown. 1 word carries it, heaviest at the crown. Some of your words name a seat and not an address, so those land where the seat holds charge, not under a name. Commit it and 4 addresses go to your bank."},"before":{"bank":90,"above":37,"dq":34.5,"vault":0},"after":{"bank":90,"above":37,"dq":34.5,"vault":0,"canRelease":true,"ai":"Your bank took the charge on addresses it already holds, so the count stayed at 90. Shadow weight moved less than a point, at 35."},"release":{"bank":90,"above":31,"dq":31.8,"vault":3,"ai":"The release took shadow weight from 35 to 32. 3 addresses went to your vault. It lightened the whole axis each address sits on, so 6 addresses dropped under the line, not 3. Your bank holds 90."}}
errors: []
wrote /home/user/MOB/proto/restructure/measured/walk.json
